hi there
testA1B2C3
